
> go-hargeisa@0.1.0 build
> next build

  Γû▓ Next.js 14.2.5
  - Environments: .env.local

   Creating an optimized production build ...
 Γ£ô Compiled successfully
   Linting and checking validity of types ...
   Collecting page data ...
   Generating static pages (0/6) ...
   Generating static pages (1/6) 
   Generating static pages (2/6) 
   Generating static pages (4/6) 
 Γ£ô Generating static pages (6/6)
   Finalizing page optimization ...
   Collecting build traces ...

Route (app)                                Size     First Load JS
Γöî Γùï /_not-found                            876 B          88.1 kB
Γö£ ╞Æ /[locale]                              4.5 kB          121 kB
Γö£ ╞Æ /[locale]/about                        192 B          92.5 kB
Γö£ ╞Æ /[locale]/admin                        299 B          94.3 kB
Γö£ ╞Æ /[locale]/admin/articles               1.89 kB         101 kB
Γö£ ╞Æ /[locale]/admin/articles/[id]/edit     154 B           163 kB
Γö£ ╞Æ /[locale]/admin/articles/new           153 B           163 kB
Γö£ ╞Æ /[locale]/admin/attractions            1.89 kB         101 kB
Γö£ ╞Æ /[locale]/admin/attractions/[id]/edit  152 B           163 kB
Γö£ ╞Æ /[locale]/admin/attractions/new        154 B           163 kB
Γö£ ╞Æ /[locale]/admin/cafes                  1.89 kB         101 kB
Γö£ ╞Æ /[locale]/admin/cafes/[id]/edit        153 B           163 kB
Γö£ ╞Æ /[locale]/admin/cafes/new              154 B           163 kB
Γö£ ╞Æ /[locale]/admin/events                 1.89 kB         101 kB
Γö£ ╞Æ /[locale]/admin/events/[id]/edit       153 B           163 kB
Γö£ ╞Æ /[locale]/admin/events/new             153 B           163 kB
Γö£ ╞Æ /[locale]/admin/hotels                 1.89 kB         101 kB
Γö£ ╞Æ /[locale]/admin/hotels/[id]/edit       153 B           163 kB
Γö£ ╞Æ /[locale]/admin/hotels/new             153 B           163 kB
Γö£ ╞Æ /[locale]/admin/restaurants            1.89 kB         101 kB
Γö£ ╞Æ /[locale]/admin/restaurants/[id]/edit  154 B           163 kB
Γö£ ╞Æ /[locale]/admin/restaurants/new        153 B           163 kB
Γö£ ╞Æ /[locale]/admin/users                  1.43 kB        88.6 kB
Γö£ ╞Æ /[locale]/attractions                  146 B           103 kB
Γö£ ΓùÅ /[locale]/attractions/[slug]           146 B           104 kB
Γö£ ╞Æ /[locale]/auth/callback                0 B                0 B
Γö£ ╞Æ /[locale]/auth/forgot-password         1.03 kB         155 kB
Γö£ ╞Æ /[locale]/auth/login                   1.52 kB         162 kB
Γö£ ╞Æ /[locale]/auth/register                1.52 kB         162 kB
Γö£ ╞Æ /[locale]/auth/reset-password          1.1 kB          155 kB
Γö£ ╞Æ /[locale]/blog                         193 B          99.2 kB
Γö£ ΓùÅ /[locale]/blog/[slug]                  192 B          92.5 kB
Γö£ ╞Æ /[locale]/cafes                        147 B           103 kB
Γö£ ΓùÅ /[locale]/cafes/[slug]                 146 B           104 kB
Γö£ ╞Æ /[locale]/contact                      2.02 kB        94.3 kB
Γö£ ╞Æ /[locale]/dashboard                    8.22 kB         174 kB
Γö£ ╞Æ /[locale]/events                       193 B          99.2 kB
Γö£ ΓùÅ /[locale]/events/[slug]                192 B          92.5 kB
Γö£ ╞Æ /[locale]/explore                      193 B          99.2 kB
Γö£ ΓùÅ /[locale]/explore/[slug]               3.23 kB         102 kB
Γö£ ╞Æ /[locale]/hotels                       147 B           103 kB
Γö£ ΓùÅ /[locale]/hotels/[slug]                147 B           104 kB
Γö£ ╞Æ /[locale]/privacy                      161 B          87.4 kB
Γö£ ╞Æ /[locale]/restaurants                  147 B           103 kB
Γö£ ΓùÅ /[locale]/restaurants/[slug]           146 B           104 kB
Γö£ ╞Æ /[locale]/shopping                     3.23 kB         102 kB
Γö£ ╞Æ /[locale]/terms                        161 B          87.4 kB
Γö£ ╞Æ /[locale]/transportation               192 B          92.5 kB
Γö£ ╞Æ /[locale]/travel-guide                 192 B          92.5 kB
Γö£ Γùï /apple-icon.png                        0 B                0 B
Γö£ Γùï /robots.txt                            0 B                0 B
Γöö Γùï /sitemap.xml                           0 B                0 B
+ First Load JS shared by all              87.2 kB
  Γö£ chunks/7023-5876c3b2adc2dcc8.js        31.5 kB
  Γö£ chunks/fd9d1056-b00357927566e648.js    53.6 kB
  Γöö other shared chunks (total)            2.04 kB


╞Æ Middleware                               96.6 kB

Γùï  (Static)   prerendered as static content
ΓùÅ  (SSG)      prerendered as static HTML (uses getStaticProps)
╞Æ  (Dynamic)  server-rendered on demand

